alice
bob
charlie
alice_123
bob_456
alice_smith
charlie_brown
alice
